// Jest Snapshot v1, https://goo.gl/fbAQLP

exports[`<Intro /> Should render and match the snapshot 1`] = `ShallowWrapper {}`;
