// Jest Snapshot v1, https://goo.gl/fbAQLP

exports[`<BookingPage /> Should render and match the snapshot 1`] = `
<Fragment>
  <Navbar
    title="Booking Table"
  />
  <div>
    <EnhancedTable />
  </div>
</Fragment>
`;
